app/admin/components/DashboardPieCharts.tsx(227,33): error TS2322: Type '(value: number) => string' is not assignable to type 'Formatter<number, NameType>'.
  Types of parameters 'value' and 'value' are incompatible.
    Type 'number | undefined' is not assignable to type 'number'.
      Type 'undefined' is not assignable to type 'number'.
app/admin/components/DashboardPieCharts.tsx(252,33): error TS2322: Type '(value: number) => string' is not assignable to type 'Formatter<number, NameType>'.
  Types of parameters 'value' and 'value' are incompatible.
    Type 'number | undefined' is not assignable to type 'number'.
      Type 'undefined' is not assignable to type 'number'.
app/admin/discounts/page.tsx(267,64): error TS2339: Property 'refetch' does not exist on type 'never'.
app/admin/orders/[id]/page.tsx(177,54): error TS2322: Type 'string | Error' is not assignable to type 'ReactNode'.
  Type 'Error' is not assignable to type 'ReactNode'.
app/admin/orders/[id]/page.tsx(309,156): error TS18048: 'order.statusHistory' is possibly 'undefined'.
app/admin/orders/[id]/page.tsx(313,99): error TS18048: 'order.statusHistory' is possibly 'undefined'.
app/admin/orders/[id]/page.tsx(327,106): error TS18048: 'order.statusHistory' is possibly 'undefined'.
app/admin/products/[id]/page-new.tsx(13,33): error TS2307: Cannot find module './components/ProductEditForm' or its corresponding type declarations.
app/admin/settings/homepage/components/ReviewsManager.tsx(45,9): error TS2322: Type 'any' is not assignable to type 'never'.
app/admin/tickets/page.tsx(20,9): error TS2353: Object literal may only specify known properties, and 'search' does not exist in type 'TicketFilters'.
app/admin/tickets/page.tsx(26,34): error TS7006: Parameter 't' implicitly has an 'any' type.
app/admin/tickets/page.tsx(27,40): error TS7006: Parameter 't' implicitly has an 'any' type.
app/admin/tickets/page.tsx(28,37): error TS7006: Parameter 't' implicitly has an 'any' type.
app/admin/tickets/page.tsx(29,38): error TS7006: Parameter 't' implicitly has an 'any' type.
app/admin/tickets/page.tsx(115,26): error TS2304: Cannot find name 'FiClock'.
app/admin/user-logs/page.tsx(94,50): error TS7006: Parameter 'log' implicitly has an 'any' type.
app/admin/user-logs/page.tsx(109,44): error TS7006: Parameter 'log' implicitly has an 'any' type.
app/admin/user-logs/page.tsx(116,40): error TS7006: Parameter 'log' implicitly has an 'any' type.
app/admin/user-logs/page.tsx(125,40): error TS7006: Parameter 'log' implicitly has an 'any' type.
app/admin/user-logs/page.tsx(130,40): error TS7006: Parameter 'log' implicitly has an 'any' type.
app/admin/user-logs/page.tsx(135,40): error TS7006: Parameter 'log' implicitly has an 'any' type.
app/admin/user-logs/page.tsx(241,49): error TS7006: Parameter 'log' implicitly has an 'any' type.
app/admin/user-logs/page.tsx(383,52): error TS7006: Parameter 'log' implicitly has an 'any' type.
app/context/QueryProvider.tsx(18,59): error TS2322: Type '"bottom-right"' is not assignable to type 'DevtoolsPosition | undefined'.
components/VirtualizedList.tsx(1,10): error TS2305: Module '"react-window"' has no exported member 'FixedSizeList'.
domains/product/autosave/autosave.service.ts(179,13): error TS2322: Type '{ id: string; url: string; cloudinaryUrl: string | undefined; cloudinaryPublicId: string | undefined; altText: string; isPrimary: boolean; order: number; }[]' is not assignable to type 'ProductImage[]'.
  Type '{ id: string; url: string; cloudinaryUrl: string | undefined; cloudinaryPublicId: string | undefined; altText: string; isPrimary: boolean; order: number; }' is missing the following properties from type 'ProductImage': status, uploadedAt
hooks/usePerformance.ts(12,24): error TS2554: Expected 1 arguments, but got 0.
hooks/usePerformance.ts(20,13): error TS2322: Type 'number' is not assignable to type 'Timeout'.
hooks/usePerformance.ts(38,24): error TS2554: Expected 1 arguments, but got 0.
hooks/usePerformance.ts(52,17): error TS2322: Type 'number' is not assignable to type 'Timeout'.
hooks/usePerformanceOptimizations.ts(56,32): error TS2554: Expected 1 arguments, but got 0.
hooks/usePerformanceOptimizations.ts(62,9): error TS2322: Type 'number' is not assignable to type 'Timeout'.
hooks/useSessionTimeout.ts(15,24): error TS2554: Expected 1 arguments, but got 0.
hooks/useSessionTimeout.ts(16,24): error TS2554: Expected 1 arguments, but got 0.
hooks/useSessionTimeout.ts(28,9): error TS2322: Type 'number' is not assignable to type 'Timeout'.
hooks/useSessionTimeout.ts(43,9): error TS2322: Type 'number' is not assignable to type 'Timeout'.
lib/schemas/customer.schema.ts(96,10): error TS2339: Property 'trim' does not exist on type 'ZodDefault<ZodString>'.
lib/schemas/discount.schema.ts(21,13): error TS2769: No overload matches this call.
  Overload 1 of 2, '(values: readonly ["percentage", "fixed_amount"], params?: string | { error?: string | $ZodErrorMap<$ZodIssueInvalidValue<unknown>> | undefined; message?: string | undefined; } | undefined): ZodEnum<...>', gave the following error.
    Object literal may only specify known properties, and 'errorMap' does not exist in type '{ error?: string | $ZodErrorMap<$ZodIssueInvalidValue<unknown>> | undefined; message?: string | undefined; }'.
  Overload 2 of 2, '(entries: Readonly<Record<string, EnumValue>>, params?: string | { error?: string | $ZodErrorMap<$ZodIssueInvalidValue<unknown>> | undefined; message?: string | undefined; } | undefined): ZodEnum<...>', gave the following error.
    Argument of type 'string[]' is not assignable to parameter of type 'Readonly<Record<string, EnumValue>>'.
      Index signature for type 'string' is missing in type 'string[]'.
lib/schemas/order.schema.ts(7,15): error TS2769: No overload matches this call.
  Overload 1 of 2, '(values: readonly ["pending_payment", "processing", "shipped", "delivered", "cancelled", "refunded"], params?: string | { error?: string | $ZodErrorMap<$ZodIssueInvalidValue<unknown>> | undefined; message?: string | undefined; } | undefined): ZodEnum<...>', gave the following error.
    Object literal may only specify known properties, and 'errorMap' does not exist in type '{ error?: string | $ZodErrorMap<$ZodIssueInvalidValue<unknown>> | undefined; message?: string | undefined; }'.
  Overload 2 of 2, '(entries: Readonly<Record<string, EnumValue>>, params?: string | { error?: string | $ZodErrorMap<$ZodIssueInvalidValue<unknown>> | undefined; message?: string | undefined; } | undefined): ZodEnum<...>', gave the following error.
    Argument of type 'string[]' is not assignable to parameter of type 'Readonly<Record<string, EnumValue>>'.
      Index signature for type 'string' is missing in type 'string[]'.
lib/schemas/product.schema.ts(62,15): error TS2769: No overload matches this call.
  Overload 1 of 2, '(values: readonly ["draft", "published", "archived"], params?: string | { error?: string | $ZodErrorMap<$ZodIssueInvalidValue<unknown>> | undefined; message?: string | undefined; } | undefined): ZodEnum<...>', gave the following error.
    Object literal may only specify known properties, and 'errorMap' does not exist in type '{ error?: string | $ZodErrorMap<$ZodIssueInvalidValue<unknown>> | undefined; message?: string | undefined; }'.
  Overload 2 of 2, '(entries: Readonly<Record<string, EnumValue>>, params?: string | { error?: string | $ZodErrorMap<$ZodIssueInvalidValue<unknown>> | undefined; message?: string | undefined; } | undefined): ZodEnum<...>', gave the following error.
    Argument of type 'string[]' is not assignable to parameter of type 'Readonly<Record<string, EnumValue>>'.
      Index signature for type 'string' is missing in type 'string[]'.
lib/web-vitals.ts(1,10): error TS2305: Module '"web-vitals"' has no exported member 'getCLS'.
lib/web-vitals.ts(1,18): error TS2305: Module '"web-vitals"' has no exported member 'getFID'.
lib/web-vitals.ts(1,26): error TS2305: Module '"web-vitals"' has no exported member 'getFCP'.
lib/web-vitals.ts(1,34): error TS2305: Module '"web-vitals"' has no exported member 'getLCP'.
lib/web-vitals.ts(1,42): error TS2305: Module '"web-vitals"' has no exported member 'getTTFB'.
